ls
tree
who
whoami
uname -a
sleep 10
sleep 100
ls
tree
who
whoami
uname -a
sleep 10
sleep 100
ls
tree
who
whoami
uname -a
sleep 10
sleep 100
ls
tree
who
whoami
uname -a
sleep 10
sleep 100
ls
tree
who
whoami
uname -a
sleep 10
sleep 100
ls
tree
who
whoami
uname -a
sleep 10
sleep 100
ls
tree
who
whoami
uname -a
sleep 10
sleep 100
ls
tree
who
whoami
uname -a
sleep 10
sleep 100
ls
tree
who
whoami
uname -a
sleep 10
sleep 100
ls
tree
who
whoami
uname -a
sleep 10
sleep 100
ls
tree
who
whoami
uname -a
sleep 10
sleep 100
ls
tree
who
whoami
uname -a
sleep 10
sleep 100
ls
tree
who
whoami
uname -a
sleep 10
sleep 100
ls
tree
who
whoami
uname -a
sleep 10
sleep 100
ls
tree
who
whoami
uname -a
sleep 10
sleep 100
ls
tree
who
whoami
uname -a
sleep 10
sleep 100
ls
tree
who
whoami
uname -a
sleep 10
sleep 100
ls
tree
who
whoami
uname -a
sleep 10
sleep 100
ls
tree
who
whoami
uname -a
sleep 10
sleep 100
ls
tree
who
whoami
uname -a
sleep 10
sleep 100
ls
tree
who
whoami
uname -a
sleep 10
sleep 100
ls
tree
who
whoami
uname -a
sleep 10
sleep 100
ls
tree
who
whoami
uname -a
sleep 10
sleep 100
ls
tree
who
whoami
uname -a
sleep 10
sleep 100
ls
tree
who
whoami
uname -a
sleep 10
sleep 100
ls
tree
who
whoami
uname -a
sleep 10
sleep 100
ls
tree
who
whoami
uname -a
sleep 10
sleep 100
ls
tree
who
whoami
uname -a
sleep 10
sleep 100
ls
tree
who
whoami
uname -a
sleep 10
sleep 100
ls
tree
who
whoami
uname -a
sleep 10
sleep 100
ls
tree
who
whoami
uname -a
sleep 10
sleep 100
ls
tree
who
whoami
uname -a
sleep 10
sleep 100
ls
tree
who
whoami
uname -a
sleep 10
sleep 100
ls
tree
who
whoami
uname -a
sleep 10
sleep 100
ls
tree
who
whoami
uname -a
sleep 10
sleep 100
ls
tree
who
whoami
uname -a
sleep 10
sleep 100
ls
tree
who
whoami
